running egg_info
creating ../../build/base_demo/base_demo.egg-info
writing ../../build/base_demo/base_demo.egg-info/PKG-INFO
writing dependency_links to ../../build/base_demo/base_demo.egg-info/dependency_links.txt
writing entry points to ../../build/base_demo/base_demo.egg-info/entry_points.txt
writing requirements to ../../build/base_demo/base_demo.egg-info/requires.txt
writing top-level names to ../../build/base_demo/base_demo.egg-info/top_level.txt
writing manifest file '../../build/base_demo/base_demo.egg-info/SOURCES.txt'
reading manifest file '../../build/base_demo/base_demo.egg-info/SOURCES.txt'
writing manifest file '../../build/base_demo/base_demo.egg-info/SOURCES.txt'
running build
running build_py
creating /home/gaopin/Desktop/ros2_ homework_basic/ws_base/build/base_demo/build
creating /home/gaopin/Desktop/ros2_ homework_basic/ws_base/build/base_demo/build/lib
creating /home/gaopin/Desktop/ros2_ homework_basic/ws_base/build/base_demo/build/lib/base_demo
copying base_demo/turtle_8_node.py -> /home/gaopin/Desktop/ros2_ homework_basic/ws_base/build/base_demo/build/lib/base_demo
copying base_demo/__init__.py -> /home/gaopin/Desktop/ros2_ homework_basic/ws_base/build/base_demo/build/lib/base_demo
running install
running install_lib
creating /home/gaopin/Desktop/ros2_ homework_basic/ws_base/install/base_demo/lib/python3.10/site-packages/base_demo
copying /home/gaopin/Desktop/ros2_ homework_basic/ws_base/build/base_demo/build/lib/base_demo/turtle_8_node.py -> /home/gaopin/Desktop/ros2_ homework_basic/ws_base/install/base_demo/lib/python3.10/site-packages/base_demo
copying /home/gaopin/Desktop/ros2_ homework_basic/ws_base/build/base_demo/build/lib/base_demo/__init__.py -> /home/gaopin/Desktop/ros2_ homework_basic/ws_base/install/base_demo/lib/python3.10/site-packages/base_demo
byte-compiling /home/gaopin/Desktop/ros2_ homework_basic/ws_base/install/base_demo/lib/python3.10/site-packages/base_demo/turtle_8_node.py to turtle_8_node.cpython-310.pyc
byte-compiling /home/gaopin/Desktop/ros2_ homework_basic/ws_base/install/base_demo/lib/python3.10/site-packages/base_demo/__init__.py to __init__.cpython-310.pyc
running install_data
creating /home/gaopin/Desktop/ros2_ homework_basic/ws_base/install/base_demo/share/ament_index
creating /home/gaopin/Desktop/ros2_ homework_basic/ws_base/install/base_demo/share/ament_index/resource_index
creating /home/gaopin/Desktop/ros2_ homework_basic/ws_base/install/base_demo/share/ament_index/resource_index/packages
copying resource/base_demo -> /home/gaopin/Desktop/ros2_ homework_basic/ws_base/install/base_demo/share/ament_index/resource_index/packages
copying package.xml -> /home/gaopin/Desktop/ros2_ homework_basic/ws_base/install/base_demo/share/base_demo
creating /home/gaopin/Desktop/ros2_ homework_basic/ws_base/install/base_demo/share/base_demo/launch
copying launch/start_turtle.launch.py -> /home/gaopin/Desktop/ros2_ homework_basic/ws_base/install/base_demo/share/base_demo/launch
creating /home/gaopin/Desktop/ros2_ homework_basic/ws_base/install/base_demo/share/base_demo/config
copying config/turtle_param.yaml -> /home/gaopin/Desktop/ros2_ homework_basic/ws_base/install/base_demo/share/base_demo/config
running install_egg_info
Copying ../../build/base_demo/base_demo.egg-info to /home/gaopin/Desktop/ros2_ homework_basic/ws_base/install/base_demo/lib/python3.10/site-packages/base_demo-0.0.0-py3.10.egg-info
running install_scripts
Installing turtle_8_node script to /home/gaopin/Desktop/ros2_ homework_basic/ws_base/install/base_demo/lib/base_demo
writing list of installed files to '/home/gaopin/Desktop/ros2_ homework_basic/ws_base/build/base_demo/install.log'
