[0.384s] Invoking command in '/home/gaopin/Desktop/ros2_ homework_basic/ws_base/src/base_demo': PYTHONPATH=/home/gaopin/Desktop/ros2_ homework_basic/ws_base/build/base_demo/prefix_override:/usr/lib/python3/dist-packages/colcon_core/task/python/colcon_distutils_commands:/home/gaopin/Desktop/ros2_ homework_basic/ws_base/install/base_demo/lib/python3.10/site-packages:${PYTHONPATH} /usr/bin/python3 -W ignore:setup.py install is deprecated -W ignore:easy_install command is deprecated setup.py egg_info --egg-base ../../build/base_demo build --build-base /home/gaopin/Desktop/ros2_ homework_basic/ws_base/build/base_demo/build install --record /home/gaopin/Desktop/ros2_ homework_basic/ws_base/build/base_demo/install.log --single-version-externally-managed install_data
[0.526s] running egg_info
[0.527s] creating ../../build/base_demo/base_demo.egg-info
[0.527s] writing ../../build/base_demo/base_demo.egg-info/PKG-INFO
[0.528s] writing dependency_links to ../../build/base_demo/base_demo.egg-info/dependency_links.txt
[0.528s] writing entry points to ../../build/base_demo/base_demo.egg-info/entry_points.txt
[0.528s] writing requirements to ../../build/base_demo/base_demo.egg-info/requires.txt
[0.528s] writing top-level names to ../../build/base_demo/base_demo.egg-info/top_level.txt
[0.528s] writing manifest file '../../build/base_demo/base_demo.egg-info/SOURCES.txt'
[0.530s] reading manifest file '../../build/base_demo/base_demo.egg-info/SOURCES.txt'
[0.531s] writing manifest file '../../build/base_demo/base_demo.egg-info/SOURCES.txt'
[0.531s] running build
[0.531s] running build_py
[0.531s] creating /home/gaopin/Desktop/ros2_ homework_basic/ws_base/build/base_demo/build
[0.531s] creating /home/gaopin/Desktop/ros2_ homework_basic/ws_base/build/base_demo/build/lib
[0.531s] creating /home/gaopin/Desktop/ros2_ homework_basic/ws_base/build/base_demo/build/lib/base_demo
[0.531s] copying base_demo/turtle_8_node.py -> /home/gaopin/Desktop/ros2_ homework_basic/ws_base/build/base_demo/build/lib/base_demo
[0.531s] copying base_demo/__init__.py -> /home/gaopin/Desktop/ros2_ homework_basic/ws_base/build/base_demo/build/lib/base_demo
[0.531s] running install
[0.532s] running install_lib
[0.532s] creating /home/gaopin/Desktop/ros2_ homework_basic/ws_base/install/base_demo/lib/python3.10/site-packages/base_demo
[0.532s] copying /home/gaopin/Desktop/ros2_ homework_basic/ws_base/build/base_demo/build/lib/base_demo/turtle_8_node.py -> /home/gaopin/Desktop/ros2_ homework_basic/ws_base/install/base_demo/lib/python3.10/site-packages/base_demo
[0.532s] copying /home/gaopin/Desktop/ros2_ homework_basic/ws_base/build/base_demo/build/lib/base_demo/__init__.py -> /home/gaopin/Desktop/ros2_ homework_basic/ws_base/install/base_demo/lib/python3.10/site-packages/base_demo
[0.533s] byte-compiling /home/gaopin/Desktop/ros2_ homework_basic/ws_base/install/base_demo/lib/python3.10/site-packages/base_demo/turtle_8_node.py to turtle_8_node.cpython-310.pyc
[0.534s] byte-compiling /home/gaopin/Desktop/ros2_ homework_basic/ws_base/install/base_demo/lib/python3.10/site-packages/base_demo/__init__.py to __init__.cpython-310.pyc
[0.534s] running install_data
[0.534s] creating /home/gaopin/Desktop/ros2_ homework_basic/ws_base/install/base_demo/share/ament_index
[0.534s] creating /home/gaopin/Desktop/ros2_ homework_basic/ws_base/install/base_demo/share/ament_index/resource_index
[0.534s] creating /home/gaopin/Desktop/ros2_ homework_basic/ws_base/install/base_demo/share/ament_index/resource_index/packages
[0.534s] copying resource/base_demo -> /home/gaopin/Desktop/ros2_ homework_basic/ws_base/install/base_demo/share/ament_index/resource_index/packages
[0.534s] copying package.xml -> /home/gaopin/Desktop/ros2_ homework_basic/ws_base/install/base_demo/share/base_demo
[0.534s] creating /home/gaopin/Desktop/ros2_ homework_basic/ws_base/install/base_demo/share/base_demo/launch
[0.534s] copying launch/start_turtle.launch.py -> /home/gaopin/Desktop/ros2_ homework_basic/ws_base/install/base_demo/share/base_demo/launch
[0.534s] creating /home/gaopin/Desktop/ros2_ homework_basic/ws_base/install/base_demo/share/base_demo/config
[0.534s] copying config/turtle_param.yaml -> /home/gaopin/Desktop/ros2_ homework_basic/ws_base/install/base_demo/share/base_demo/config
[0.534s] running install_egg_info
[0.536s] Copying ../../build/base_demo/base_demo.egg-info to /home/gaopin/Desktop/ros2_ homework_basic/ws_base/install/base_demo/lib/python3.10/site-packages/base_demo-0.0.0-py3.10.egg-info
[0.536s] running install_scripts
[0.550s] Installing turtle_8_node script to /home/gaopin/Desktop/ros2_ homework_basic/ws_base/install/base_demo/lib/base_demo
[0.550s] writing list of installed files to '/home/gaopin/Desktop/ros2_ homework_basic/ws_base/build/base_demo/install.log'
[0.566s] Invoked command in '/home/gaopin/Desktop/ros2_ homework_basic/ws_base/src/base_demo' returned '0': PYTHONPATH=/home/gaopin/Desktop/ros2_ homework_basic/ws_base/build/base_demo/prefix_override:/usr/lib/python3/dist-packages/colcon_core/task/python/colcon_distutils_commands:/home/gaopin/Desktop/ros2_ homework_basic/ws_base/install/base_demo/lib/python3.10/site-packages:${PYTHONPATH} /usr/bin/python3 -W ignore:setup.py install is deprecated -W ignore:easy_install command is deprecated setup.py egg_info --egg-base ../../build/base_demo build --build-base /home/gaopin/Desktop/ros2_ homework_basic/ws_base/build/base_demo/build install --record /home/gaopin/Desktop/ros2_ homework_basic/ws_base/build/base_demo/install.log --single-version-externally-managed install_data
